# filtered from the full harness log: harness_run lines, compaction events, tool starts
[harness_run 2026-10-01 07:55:40] harness=pi ws=~/bench/agentic/runs/20261001-075512-ds0731-omlx070-pi-retry cfg=~/bench/agentic/harness-config/pi/ds0731-omlx070-pi-retry model=dsv4-0731 ctx=1000000 target=950000 compaction=default session=07b2c77b-1076-412c-b691-914f466c977f
[harness_run 2026-10-01 07:55:40] invocation 1: /usr/bin/sandbox-exec -f ~/bench/agentic/runs/20261001-075512-ds0731-omlx070-pi-retry.sb /opt/homebrew/bin/pi --mode json --print --provider bench --model dsv4-0731 --session-id 07b2c77b-1076-412c-b691-914f466c977f -- # Agentic long-context task: "Deepdelve"
{"type":"tool_execution_start","toolName":"bash"}
{"type":"tool_execution_start","toolName":"write"}
{"type":"tool_execution_start","toolName":"write"}
{"type":"tool_execution_start","toolName":"write"}
{"type":"tool_execution_start","toolName":"write"}
{"type":"tool_execution_start","toolName":"write"}
{"type":"tool_execution_start","toolName":"write"}
{"type":"tool_execution_start","toolName":"write"}
{"type":"tool_execution_start","toolName":"write"}
{"type":"tool_execution_start","toolName":"bash"}
{"type":"tool_execution_start","toolName":"bash"}
{"type":"tool_execution_start","toolName":"bash"}
{"type":"tool_execution_start","toolName":"write"}
{"type":"tool_execution_start","toolName":"write"}
{"type":"tool_execution_start","toolName":"bash"}
{"type":"tool_execution_start","toolName":"bash"}
{"type":"tool_execution_start","toolName":"edit"}
{"type":"tool_execution_start","toolName":"bash"}
{"type":"tool_execution_start","toolName":"bash"}
{"type":"tool_execution_start","toolName":"edit"}
{"type":"tool_execution_start","toolName":"bash"}
{"type":"tool_execution_start","toolName":"bash"}
{"type":"tool_execution_start","toolName":"edit"}
{"type":"tool_execution_start","toolName":"bash"}
{"type":"tool_execution_start","toolName":"write"}
{"type":"tool_execution_start","toolName":"write"}
{"type":"tool_execution_start","toolName":"bash"}
{"type":"tool_execution_start","toolName":"bash"}
{"type":"tool_execution_start","toolName":"edit"}
{"type":"tool_execution_start","toolName":"bash"}
{"type":"tool_execution_start","toolName":"write"}
{"type":"tool_execution_start","toolName":"write"}
{"type":"tool_execution_start","toolName":"edit"}
{"type":"tool_execution_start","toolName":"write"}
{"type":"tool_execution_start","toolName":"bash"}
{"type":"tool_execution_start","toolName":"bash"}
{"type":"tool_execution_start","toolName":"bash"}
{"type":"tool_execution_start","toolName":"bash"}
{"type":"tool_execution_start","toolName":"edit"}
{"type":"tool_execution_start","toolName":"bash"}
{"type":"tool_execution_start","toolName":"bash"}
{"type":"tool_execution_start","toolName":"write"}
{"type":"tool_execution_start","toolName":"write"}
{"type":"tool_execution_start","toolName":"write"}
{"type":"tool_execution_start","toolName":"write"}
{"type":"tool_execution_start","toolName":"bash"}
{"type":"tool_execution_start","toolName":"write"}
{"type":"tool_execution_start","toolName":"write"}
{"type":"tool_execution_start","toolName":"write"}
{"type":"tool_execution_start","toolName":"bash"}
{"type":"tool_execution_start","toolName":"bash"}
{"type":"tool_execution_start","toolName":"edit"}
{"type":"tool_execution_start","toolName":"edit"}
{"type":"tool_execution_start","toolName":"edit"}
{"type":"tool_execution_start","toolName":"bash"}
{"type":"tool_execution_start","toolName":"write"}
{"type":"tool_execution_start","toolName":"write"}
{"type":"tool_execution_start","toolName":"edit"}
{"type":"tool_execution_start","toolName":"write"}
{"type":"tool_execution_start","toolName":"bash"}
{"type":"tool_execution_start","toolName":"bash"}
{"type":"tool_execution_start","toolName":"bash"}
{"type":"tool_execution_start","toolName":"bash"}
{"type":"tool_execution_start","toolName":"edit"}
{"type":"tool_execution_start","toolName":"bash"}
{"type":"tool_execution_start","toolName":"bash"}
{"type":"tool_execution_start","toolName":"edit"}
{"type":"tool_execution_start","toolName":"write"}
{"type":"tool_execution_start","toolName":"write"}
{"type":"tool_execution_start","toolName":"write"}
{"type":"tool_execution_start","toolName":"bash"}
{"type":"tool_execution_start","toolName":"edit"}
{"type":"tool_execution_start","toolName":"bash"}
{"type":"tool_execution_start","toolName":"write"}
{"type":"tool_execution_start","toolName":"write"}
{"type":"tool_execution_start","toolName":"write"}
{"type":"tool_execution_start","toolName":"bash"}
{"type":"tool_execution_start","toolName":"bash"}
{"type":"tool_execution_start","toolName":"edit"}
{"type":"tool_execution_start","toolName":"bash"}
{"type":"tool_execution_start","toolName":"bash"}
{"type":"tool_execution_start","toolName":"edit"}
{"type":"tool_execution_start","toolName":"edit"}
{"type":"tool_execution_start","toolName":"edit"}
{"type":"tool_execution_start","toolName":"edit"}
{"type":"tool_execution_start","toolName":"bash"}
{"type":"tool_execution_start","toolName":"write"}
{"type":"tool_execution_start","toolName":"write"}
{"type":"tool_execution_start","toolName":"edit"}
{"type":"tool_execution_start","toolName":"edit"}
{"type":"tool_execution_start","toolName":"bash"}
{"type":"tool_execution_start","toolName":"bash"}
{"type":"tool_execution_start","toolName":"edit"}
{"type":"tool_execution_start","toolName":"bash"}
{"type":"tool_execution_start","toolName":"write"}
{"type":"tool_execution_start","toolName":"write"}
{"type":"tool_execution_start","toolName":"bash"}
{"type":"tool_execution_start","toolName":"write"}
{"type":"tool_execution_start","toolName":"write"}
{"type":"tool_execution_start","toolName":"write"}
{"type":"tool_execution_start","toolName":"write"}
{"type":"tool_execution_start","toolName":"edit"}
{"type":"tool_execution_start","toolName":"write"}
{"type":"tool_execution_start","toolName":"bash"}
{"type":"tool_execution_start","toolName":"bash"}
{"type":"tool_execution_start","toolName":"edit"}
{"type":"tool_execution_start","toolName":"bash"}
{"type":"tool_execution_start","toolName":"write"}
{"type":"tool_execution_start","toolName":"edit"}
{"type":"tool_execution_start","toolName":"write"}
{"type":"tool_execution_start","toolName":"edit"}
{"type":"tool_execution_start","toolName":"edit"}
{"type":"tool_execution_start","toolName":"read"}
{"type":"tool_execution_start","toolName":"edit"}
{"type":"tool_execution_start","toolName":"bash"}
{"type":"tool_execution_start","toolName":"edit"}
{"type":"tool_execution_start","toolName":"edit"}
{"type":"tool_execution_start","toolName":"bash"}
{"type":"tool_execution_start","toolName":"bash"}
{"type":"tool_execution_start","toolName":"edit"}
{"type":"tool_execution_start","toolName":"bash"}
{"type":"tool_execution_start","toolName":"bash"}
{"type":"tool_execution_start","toolName":"edit"}
{"type":"tool_execution_start","toolName":"write"}
{"type":"tool_execution_start","toolName":"write"}
{"type":"tool_execution_start","toolName":"bash"}
{"type":"tool_execution_start","toolName":"bash"}
{"type":"tool_execution_start","toolName":"edit"}
{"type":"tool_execution_start","toolName":"edit"}
{"type":"tool_execution_start","toolName":"bash"}
{"type":"tool_execution_start","toolName":"bash"}
{"type":"tool_execution_start","toolName":"write"}
{"type":"tool_execution_start","toolName":"write"}
{"type":"tool_execution_start","toolName":"edit"}
{"type":"tool_execution_start","toolName":"edit"}
{"type":"tool_execution_start","toolName":"edit"}
{"type":"tool_execution_start","toolName":"edit"}
{"type":"tool_execution_start","toolName":"write"}
{"type":"tool_execution_start","toolName":"bash"}
{"type":"tool_execution_start","toolName":"edit"}
{"type":"tool_execution_start","toolName":"edit"}
{"type":"tool_execution_start","toolName":"bash"}
{"type":"tool_execution_start","toolName":"edit"}
{"type":"tool_execution_start","toolName":"bash"}
{"type":"tool_execution_start","toolName":"bash"}
{"type":"tool_execution_start","toolName":"write"}
{"type":"tool_execution_start","toolName":"write"}
{"type":"tool_execution_start","toolName":"bash"}
{"type":"tool_execution_start","toolName":"bash"}
{"type":"tool_execution_start","toolName":"edit"}
{"type":"tool_execution_start","toolName":"edit"}
{"type":"tool_execution_start","toolName":"edit"}
{"type":"tool_execution_start","toolName":"bash"}
{"type":"tool_execution_start","toolName":"edit"}
{"type":"tool_execution_start","toolName":"edit"}
{"type":"tool_execution_start","toolName":"bash"}
{"type":"tool_execution_start","toolName":"bash"}
{"type":"tool_execution_start","toolName":"read"}
{"type":"tool_execution_start","toolName":"edit"}
{"type":"tool_execution_start","toolName":"edit"}
{"type":"tool_execution_start","toolName":"bash"}
{"type":"tool_execution_start","toolName":"bash"}
{"type":"tool_execution_start","toolName":"edit"}
{"type":"tool_execution_start","toolName":"bash"}
{"type":"tool_execution_start","toolName":"bash"}
{"type":"tool_execution_start","toolName":"edit"}
{"type":"tool_execution_start","toolName":"bash"}
{"type":"tool_execution_start","toolName":"write"}
{"type":"tool_execution_start","toolName":"read"}
{"type":"tool_execution_start","toolName":"edit"}
{"type":"tool_execution_start","toolName":"edit"}
{"type":"tool_execution_start","toolName":"bash"}
{"type":"tool_execution_start","toolName":"edit"}
{"type":"tool_execution_start","toolName":"edit"}
{"type":"tool_execution_start","toolName":"edit"}
{"type":"tool_execution_start","toolName":"bash"}
{"type":"tool_execution_start","toolName":"write"}
{"type":"tool_execution_start","toolName":"edit"}
{"type":"tool_execution_start","toolName":"bash"}
{"type":"tool_execution_start","toolName":"bash"}
{"type":"tool_execution_start","toolName":"edit"}
{"type":"tool_execution_start","toolName":"bash"}
{"type":"tool_execution_start","toolName":"edit"}
{"type":"tool_execution_start","toolName":"edit"}
{"type":"tool_execution_start","toolName":"edit"}
{"type":"tool_execution_start","toolName":"edit"}
{"type":"tool_execution_start","toolName":"edit"}
{"type":"tool_execution_start","toolName":"write"}
{"type":"tool_execution_start","toolName":"write"}
{"type":"tool_execution_start","toolName":"edit"}
{"type":"tool_execution_start","toolName":"edit"}
{"type":"tool_execution_start","toolName":"edit"}
{"type":"tool_execution_start","toolName":"edit"}
{"type":"tool_execution_start","toolName":"bash"}
{"type":"tool_execution_start","toolName":"edit"}
{"type":"tool_execution_start","toolName":"edit"}
{"type":"tool_execution_start","toolName":"bash"}
{"type":"tool_execution_start","toolName":"read"}
{"type":"tool_execution_start","toolName":"read"}
{"type":"tool_execution_start","toolName":"edit"}
{"type":"tool_execution_start","toolName":"bash"}
{"type":"tool_execution_start","toolName":"write"}
{"type":"tool_execution_start","toolName":"edit"}
{"type":"tool_execution_start","toolName":"read"}
{"type":"tool_execution_start","toolName":"edit"}
{"type":"tool_execution_start","toolName":"write"}
{"type":"tool_execution_start","toolName":"bash"}
{"type":"tool_execution_start","toolName":"write"}
{"type":"tool_execution_start","toolName":"bash"}
{"type":"tool_execution_start","toolName":"bash"}
{"type":"tool_execution_start","toolName":"bash"}
{"type":"tool_execution_start","toolName":"bash"}
{"type":"tool_execution_start","toolName":"write"}
{"type":"tool_execution_start","toolName":"edit"}
{"type":"tool_execution_start","toolName":"bash"}
{"type":"tool_execution_start","toolName":"write"}
{"type":"tool_execution_start","toolName":"write"}
{"type":"tool_execution_start","toolName":"edit"}
{"type":"tool_execution_start","toolName":"edit"}
{"type":"tool_execution_start","toolName":"edit"}
{"type":"tool_execution_start","toolName":"edit"}
{"type":"tool_execution_start","toolName":"edit"}
{"type":"tool_execution_start","toolName":"read"}
{"type":"tool_execution_start","toolName":"edit"}
{"type":"tool_execution_start","toolName":"edit"}
{"type":"tool_execution_start","toolName":"edit"}
{"type":"tool_execution_start","toolName":"bash"}
{"type":"tool_execution_start","toolName":"read"}
{"type":"tool_execution_start","toolName":"edit"}
{"type":"tool_execution_start","toolName":"edit"}
{"type":"tool_execution_start","toolName":"bash"}
{"type":"tool_execution_start","toolName":"edit"}
{"type":"tool_execution_start","toolName":"edit"}
{"type":"tool_execution_start","toolName":"read"}
{"type":"tool_execution_start","toolName":"bash"}
{"type":"tool_execution_start","toolName":"write"}
{"type":"tool_execution_start","toolName":"edit"}
{"type":"tool_execution_start","toolName":"edit"}
{"type":"tool_execution_start","toolName":"bash"}
{"type":"tool_execution_start","toolName":"bash"}
[harness_run 2026-10-01 09:10:40] invocation 1 ended rc=143 after 4500s; proxy requests=43 last_prompt=184,144 max_prompt=184,144 session=07b2c77b-1076-412c-b691-914f466c977f
[harness_run 2026-10-01 09:10:40] stopping: max hours (1.25) elapsed
