# filtered from the full harness log: harness_run lines, compaction events, tool starts
[harness_run 2026-10-01 05:50:22] harness=pi ws=~/bench/agentic/runs/20261001-054954-ds0731-omlx070-pi cfg=~/bench/agentic/harness-config/pi/ds0731-omlx070-pi model=dsv4-0731 ctx=1000000 target=950000 compaction=default session=0ba47927-f014-41f8-aa29-0f1ef7ef9c22
[harness_run 2026-10-01 05:50:22] invocation 1: /usr/bin/sandbox-exec -f ~/bench/agentic/runs/20261001-054954-ds0731-omlx070-pi.sb /opt/homebrew/bin/pi --mode json --print --provider bench --model dsv4-0731 --session-id 0ba47927-f014-41f8-aa29-0f1ef7ef9c22 -- # Agentic long-context task: "Deepdelve"
{"type":"tool_execution_start","toolName":"bash"}
{"type":"tool_execution_start","toolName":"bash"}
{"type":"tool_execution_start","toolName":"write"}
{"type":"tool_execution_start","toolName":"write"}
{"type":"tool_execution_start","toolName":"write"}
{"type":"tool_execution_start","toolName":"write"}
{"type":"tool_execution_start","toolName":"bash"}
{"type":"tool_execution_start","toolName":"bash"}
{"type":"tool_execution_start","toolName":"bash"}
{"type":"tool_execution_start","toolName":"write"}
{"type":"tool_execution_start","toolName":"write"}
{"type":"tool_execution_start","toolName":"write"}
{"type":"tool_execution_start","toolName":"write"}
{"type":"tool_execution_start","toolName":"write"}
{"type":"tool_execution_start","toolName":"bash"}
{"type":"tool_execution_start","toolName":"bash"}
{"type":"tool_execution_start","toolName":"bash"}
{"type":"tool_execution_start","toolName":"write"}
{"type":"tool_execution_start","toolName":"write"}
{"type":"tool_execution_start","toolName":"bash"}
{"type":"tool_execution_start","toolName":"bash"}
{"type":"tool_execution_start","toolName":"edit"}
{"type":"tool_execution_start","toolName":"bash"}
{"type":"tool_execution_start","toolName":"write"}
{"type":"tool_execution_start","toolName":"write"}
{"type":"tool_execution_start","toolName":"bash"}
{"type":"tool_execution_start","toolName":"bash"}
{"type":"tool_execution_start","toolName":"edit"}
{"type":"tool_execution_start","toolName":"bash"}
{"type":"tool_execution_start","toolName":"write"}
{"type":"tool_execution_start","toolName":"write"}
{"type":"tool_execution_start","toolName":"edit"}
{"type":"tool_execution_start","toolName":"write"}
{"type":"tool_execution_start","toolName":"bash"}
{"type":"tool_execution_start","toolName":"bash"}
{"type":"tool_execution_start","toolName":"bash"}
{"type":"tool_execution_start","toolName":"edit"}
{"type":"tool_execution_start","toolName":"edit"}
{"type":"tool_execution_start","toolName":"bash"}
{"type":"tool_execution_start","toolName":"edit"}
{"type":"tool_execution_start","toolName":"bash"}
{"type":"tool_execution_start","toolName":"bash"}
{"type":"tool_execution_start","toolName":"bash"}
{"type":"tool_execution_start","toolName":"write"}
{"type":"tool_execution_start","toolName":"bash"}
{"type":"tool_execution_start","toolName":"bash"}
{"type":"tool_execution_start","toolName":"bash"}
{"type":"tool_execution_start","toolName":"bash"}
{"type":"tool_execution_start","toolName":"bash"}
{"type":"tool_execution_start","toolName":"bash"}
{"type":"tool_execution_start","toolName":"bash"}
{"type":"tool_execution_start","toolName":"bash"}
{"type":"tool_execution_start","toolName":"bash"}
{"type":"tool_execution_start","toolName":"bash"}
{"type":"tool_execution_start","toolName":"bash"}
{"type":"tool_execution_start","toolName":"bash"}
{"type":"tool_execution_start","toolName":"bash"}
{"type":"tool_execution_start","toolName":"bash"}
{"type":"tool_execution_start","toolName":"bash"}
{"type":"tool_execution_start","toolName":"write"}
{"type":"tool_execution_start","toolName":"write"}
{"type":"tool_execution_start","toolName":"write"}
{"type":"tool_execution_start","toolName":"write"}
{"type":"tool_execution_start","toolName":"write"}
{"type":"tool_execution_start","toolName":"bash"}
{"type":"tool_execution_start","toolName":"bash"}
{"type":"tool_execution_start","toolName":"edit"}
{"type":"tool_execution_start","toolName":"bash"}
{"type":"tool_execution_start","toolName":"write"}
{"type":"tool_execution_start","toolName":"write"}
{"type":"tool_execution_start","toolName":"write"}
{"type":"tool_execution_start","toolName":"edit"}
{"type":"tool_execution_start","toolName":"bash"}
{"type":"tool_execution_start","toolName":"write"}
{"type":"tool_execution_start","toolName":"write"}
{"type":"tool_execution_start","toolName":"edit"}
{"type":"tool_execution_start","toolName":"bash"}
{"type":"tool_execution_start","toolName":"bash"}
{"type":"tool_execution_start","toolName":"bash"}
{"type":"tool_execution_start","toolName":"edit"}
{"type":"tool_execution_start","toolName":"bash"}
{"type":"tool_execution_start","toolName":"bash"}
{"type":"tool_execution_start","toolName":"bash"}
{"type":"tool_execution_start","toolName":"bash"}
{"type":"tool_execution_start","toolName":"read"}
{"type":"tool_execution_start","toolName":"bash"}
{"type":"tool_execution_start","toolName":"edit"}
{"type":"tool_execution_start","toolName":"edit"}
{"type":"tool_execution_start","toolName":"edit"}
{"type":"tool_execution_start","toolName":"edit"}
{"type":"tool_execution_start","toolName":"bash"}
{"type":"tool_execution_start","toolName":"write"}
{"type":"tool_execution_start","toolName":"write"}
{"type":"tool_execution_start","toolName":"write"}
{"type":"tool_execution_start","toolName":"bash"}
{"type":"tool_execution_start","toolName":"write"}
{"type":"tool_execution_start","toolName":"edit"}
{"type":"tool_execution_start","toolName":"bash"}
{"type":"tool_execution_start","toolName":"read"}
{"type":"tool_execution_start","toolName":"edit"}
{"type":"tool_execution_start","toolName":"edit"}
{"type":"tool_execution_start","toolName":"write"}
{"type":"tool_execution_start","toolName":"bash"}
{"type":"tool_execution_start","toolName":"bash"}
{"type":"tool_execution_start","toolName":"edit"}
{"type":"tool_execution_start","toolName":"edit"}
{"type":"tool_execution_start","toolName":"bash"}
{"type":"tool_execution_start","toolName":"bash"}
{"type":"tool_execution_start","toolName":"edit"}
{"type":"tool_execution_start","toolName":"bash"}
{"type":"tool_execution_start","toolName":"write"}
{"type":"tool_execution_start","toolName":"write"}
{"type":"tool_execution_start","toolName":"bash"}
{"type":"tool_execution_start","toolName":"bash"}
{"type":"tool_execution_start","toolName":"edit"}
{"type":"tool_execution_start","toolName":"edit"}
{"type":"tool_execution_start","toolName":"bash"}
{"type":"tool_execution_start","toolName":"bash"}
{"type":"tool_execution_start","toolName":"write"}
{"type":"tool_execution_start","toolName":"write"}
{"type":"tool_execution_start","toolName":"bash"}
{"type":"tool_execution_start","toolName":"bash"}
{"type":"tool_execution_start","toolName":"edit"}
{"type":"tool_execution_start","toolName":"bash"}
{"type":"tool_execution_start","toolName":"write"}
{"type":"tool_execution_start","toolName":"write"}
{"type":"tool_execution_start","toolName":"write"}
{"type":"tool_execution_start","toolName":"edit"}
{"type":"tool_execution_start","toolName":"read"}
{"type":"tool_execution_start","toolName":"edit"}
{"type":"tool_execution_start","toolName":"write"}
{"type":"tool_execution_start","toolName":"edit"}
{"type":"tool_execution_start","toolName":"edit"}
{"type":"tool_execution_start","toolName":"write"}
{"type":"tool_execution_start","toolName":"edit"}
{"type":"tool_execution_start","toolName":"edit"}
{"type":"tool_execution_start","toolName":"edit"}
{"type":"tool_execution_start","toolName":"bash"}
{"type":"tool_execution_start","toolName":"bash"}
{"type":"tool_execution_start","toolName":"edit"}
{"type":"tool_execution_start","toolName":"edit"}
{"type":"tool_execution_start","toolName":"bash"}
{"type":"tool_execution_start","toolName":"edit"}
{"type":"tool_execution_start","toolName":"edit"}
{"type":"tool_execution_start","toolName":"bash"}
{"type":"tool_execution_start","toolName":"write"}
{"type":"tool_execution_start","toolName":"edit"}
{"type":"tool_execution_start","toolName":"write"}
{"type":"tool_execution_start","toolName":"edit"}
{"type":"tool_execution_start","toolName":"edit"}
{"type":"tool_execution_start","toolName":"write"}
{"type":"tool_execution_start","toolName":"edit"}
{"type":"tool_execution_start","toolName":"write"}
{"type":"tool_execution_start","toolName":"write"}
{"type":"tool_execution_start","toolName":"bash"}
{"type":"tool_execution_start","toolName":"bash"}
{"type":"tool_execution_start","toolName":"edit"}
{"type":"tool_execution_start","toolName":"edit"}
{"type":"tool_execution_start","toolName":"bash"}
{"type":"tool_execution_start","toolName":"edit"}
{"type":"tool_execution_start","toolName":"bash"}
{"type":"tool_execution_start","toolName":"bash"}
{"type":"tool_execution_start","toolName":"edit"}
{"type":"tool_execution_start","toolName":"write"}
{"type":"tool_execution_start","toolName":"edit"}
{"type":"tool_execution_start","toolName":"edit"}
{"type":"tool_execution_start","toolName":"write"}
{"type":"tool_execution_start","toolName":"edit"}
{"type":"tool_execution_start","toolName":"write"}
{"type":"tool_execution_start","toolName":"bash"}
{"type":"tool_execution_start","toolName":"edit"}
{"type":"tool_execution_start","toolName":"edit"}
{"type":"tool_execution_start","toolName":"bash"}
{"type":"tool_execution_start","toolName":"write"}
{"type":"tool_execution_start","toolName":"write"}
{"type":"tool_execution_start","toolName":"edit"}
{"type":"tool_execution_start","toolName":"edit"}
{"type":"tool_execution_start","toolName":"edit"}
{"type":"tool_execution_start","toolName":"bash"}
{"type":"tool_execution_start","toolName":"edit"}
{"type":"tool_execution_start","toolName":"edit"}
{"type":"tool_execution_start","toolName":"write"}
{"type":"tool_execution_start","toolName":"bash"}
{"type":"tool_execution_start","toolName":"read"}
{"type":"tool_execution_start","toolName":"bash"}
{"type":"tool_execution_start","toolName":"edit"}
{"type":"tool_execution_start","toolName":"bash"}
{"type":"tool_execution_start","toolName":"edit"}
{"type":"tool_execution_start","toolName":"bash"}
{"type":"tool_execution_start","toolName":"edit"}
{"type":"tool_execution_start","toolName":"edit"}
{"type":"tool_execution_start","toolName":"bash"}
{"type":"tool_execution_start","toolName":"edit"}
{"type":"tool_execution_start","toolName":"edit"}
{"type":"tool_execution_start","toolName":"edit"}
{"type":"tool_execution_start","toolName":"bash"}
{"type":"tool_execution_start","toolName":"write"}
{"type":"tool_execution_start","toolName":"write"}
{"type":"tool_execution_start","toolName":"edit"}
{"type":"tool_execution_start","toolName":"edit"}
{"type":"tool_execution_start","toolName":"edit"}
{"type":"tool_execution_start","toolName":"edit"}
{"type":"tool_execution_start","toolName":"edit"}
{"type":"tool_execution_start","toolName":"bash"}
{"type":"tool_execution_start","toolName":"edit"}
{"type":"tool_execution_start","toolName":"edit"}
{"type":"tool_execution_start","toolName":"edit"}
{"type":"tool_execution_start","toolName":"bash"}
{"type":"tool_execution_start","toolName":"edit"}
{"type":"tool_execution_start","toolName":"write"}
{"type":"tool_execution_start","toolName":"bash"}
{"type":"tool_execution_start","toolName":"bash"}
{"type":"tool_execution_start","toolName":"edit"}
{"type":"tool_execution_start","toolName":"edit"}
{"type":"tool_execution_start","toolName":"bash"}
{"type":"tool_execution_start","toolName":"write"}
{"type":"tool_execution_start","toolName":"write"}
{"type":"tool_execution_start","toolName":"edit"}
{"type":"tool_execution_start","toolName":"edit"}
{"type":"tool_execution_start","toolName":"edit"}
{"type":"tool_execution_start","toolName":"edit"}
{"type":"tool_execution_start","toolName":"edit"}
{"type":"tool_execution_start","toolName":"edit"}
{"type":"tool_execution_start","toolName":"edit"}
{"type":"tool_execution_start","toolName":"edit"}
{"type":"tool_execution_start","toolName":"bash"}
{"type":"tool_execution_start","toolName":"edit"}
{"type":"tool_execution_start","toolName":"read"}
{"type":"tool_execution_start","toolName":"bash"}
{"type":"tool_execution_start","toolName":"bash"}
{"type":"tool_execution_start","toolName":"edit"}
{"type":"tool_execution_start","toolName":"edit"}
{"type":"tool_execution_start","toolName":"edit"}
{"type":"tool_execution_start","toolName":"bash"}
{"type":"tool_execution_start","toolName":"edit"}
{"type":"tool_execution_start","toolName":"edit"}
{"type":"tool_execution_start","toolName":"edit"}
{"type":"tool_execution_start","toolName":"edit"}
{"type":"tool_execution_start","toolName":"edit"}
{"type":"tool_execution_start","toolName":"bash"}
{"type":"tool_execution_start","toolName":"bash"}
{"type":"tool_execution_start","toolName":"edit"}
{"type":"tool_execution_start","toolName":"bash"}
{"type":"tool_execution_start","toolName":"edit"}
{"type":"tool_execution_start","toolName":"edit"}
{"type":"tool_execution_start","toolName":"bash"}
{"type":"tool_execution_start","toolName":"bash"}
{"type":"tool_execution_start","toolName":"edit"}
{"type":"tool_execution_start","toolName":"bash"}
{"type":"tool_execution_start","toolName":"write"}
{"type":"tool_execution_start","toolName":"write"}
{"type":"tool_execution_start","toolName":"bash"}
{"type":"tool_execution_start","toolName":"bash"}
{"type":"tool_execution_start","toolName":"bash"}
{"type":"tool_execution_start","toolName":"bash"}
{"type":"tool_execution_start","toolName":"bash"}
{"type":"tool_execution_start","toolName":"edit"}
{"type":"tool_execution_start","toolName":"bash"}
{"type":"tool_execution_start","toolName":"bash"}
[harness_run 2026-10-01 06:53:15] invocation 1 ended rc=0 after 3773s; proxy requests=56 last_prompt=0 max_prompt=187,395 session=0ba47927-f014-41f8-aa29-0f1ef7ef9c22
[harness_run 2026-10-01 06:53:15] invocation 2: /usr/bin/sandbox-exec -f ~/bench/agentic/runs/20261001-054954-ds0731-omlx070-pi.sb /opt/homebrew/bin/pi --mode json --print --provider bench --model dsv4-0731 --session-id 0ba47927-f014-41f8-aa29-0f1ef7ef9c22 -- Continue with the next milestone.
