# filtered from the full harness log: harness_run lines, compaction events, tool starts
[harness_run 2026-10-01 03:49:43] harness=pi ws=~/bench/agentic/runs/20261001-034857-glm-omlx070-pi cfg=~/bench/agentic/harness-config/pi/glm-omlx070-pi model=glm53-flash-mtp ctx=1000000 target=950000 compaction=default session=65e1df34-6bd4-4fbc-8f8c-c424338e6bd7
[harness_run 2026-10-01 03:49:43] invocation 1: /usr/bin/sandbox-exec -f ~/bench/agentic/runs/20261001-034857-glm-omlx070-pi.sb /opt/homebrew/bin/pi --mode json --print --provider bench --model glm53-flash-mtp --session-id 65e1df34-6bd4-4fbc-8f8c-c424338e6bd7 -- # Agentic long-context task: "Deepdelve"
{"type":"tool_execution_start","toolName":"bash"}
{"type":"tool_execution_start","toolName":"bash"}
{"type":"tool_execution_start","toolName":"write"}
{"type":"tool_execution_start","toolName":"write"}
{"type":"tool_execution_start","toolName":"write"}
{"type":"tool_execution_start","toolName":"write"}
{"type":"tool_execution_start","toolName":"write"}
{"type":"tool_execution_start","toolName":"write"}
{"type":"tool_execution_start","toolName":"write"}
{"type":"tool_execution_start","toolName":"bash"}
{"type":"tool_execution_start","toolName":"write"}
{"type":"tool_execution_start","toolName":"bash"}
{"type":"tool_execution_start","toolName":"bash"}
{"type":"tool_execution_start","toolName":"write"}
{"type":"tool_execution_start","toolName":"write"}
{"type":"tool_execution_start","toolName":"write"}
{"type":"tool_execution_start","toolName":"bash"}
{"type":"tool_execution_start","toolName":"write"}
{"type":"tool_execution_start","toolName":"write"}
{"type":"tool_execution_start","toolName":"bash"}
{"type":"tool_execution_start","toolName":"write"}
{"type":"tool_execution_start","toolName":"write"}
{"type":"tool_execution_start","toolName":"write"}
{"type":"tool_execution_start","toolName":"bash"}
{"type":"tool_execution_start","toolName":"bash"}
{"type":"tool_execution_start","toolName":"edit"}
{"type":"tool_execution_start","toolName":"bash"}
{"type":"tool_execution_start","toolName":"write"}
{"type":"tool_execution_start","toolName":"write"}
{"type":"tool_execution_start","toolName":"bash"}
{"type":"tool_execution_start","toolName":"bash"}
{"type":"tool_execution_start","toolName":"edit"}
{"type":"tool_execution_start","toolName":"read"}
{"type":"tool_execution_start","toolName":"edit"}
{"type":"tool_execution_start","toolName":"bash"}
{"type":"tool_execution_start","toolName":"bash"}
{"type":"tool_execution_start","toolName":"edit"}
{"type":"tool_execution_start","toolName":"bash"}
{"type":"tool_execution_start","toolName":"write"}
{"type":"tool_execution_start","toolName":"write"}
{"type":"tool_execution_start","toolName":"bash"}
{"type":"tool_execution_start","toolName":"bash"}
{"type":"tool_execution_start","toolName":"edit"}
{"type":"tool_execution_start","toolName":"bash"}
{"type":"tool_execution_start","toolName":"write"}
{"type":"tool_execution_start","toolName":"write"}
{"type":"tool_execution_start","toolName":"write"}
{"type":"tool_execution_start","toolName":"bash"}
{"type":"tool_execution_start","toolName":"bash"}
{"type":"tool_execution_start","toolName":"bash"}
{"type":"tool_execution_start","toolName":"bash"}
{"type":"tool_execution_start","toolName":"bash"}
{"type":"tool_execution_start","toolName":"bash"}
{"type":"tool_execution_start","toolName":"bash"}
{"type":"tool_execution_start","toolName":"bash"}
{"type":"tool_execution_start","toolName":"bash"}
{"type":"tool_execution_start","toolName":"bash"}
{"type":"tool_execution_start","toolName":"bash"}
{"type":"tool_execution_start","toolName":"bash"}
{"type":"tool_execution_start","toolName":"edit"}
{"type":"tool_execution_start","toolName":"bash"}
{"type":"tool_execution_start","toolName":"bash"}
{"type":"tool_execution_start","toolName":"bash"}
{"type":"tool_execution_start","toolName":"write"}
{"type":"tool_execution_start","toolName":"bash"}
{"type":"tool_execution_start","toolName":"bash"}
{"type":"tool_execution_start","toolName":"bash"}
{"type":"tool_execution_start","toolName":"bash"}
{"type":"tool_execution_start","toolName":"edit"}
{"type":"tool_execution_start","toolName":"bash"}
{"type":"tool_execution_start","toolName":"bash"}
{"type":"tool_execution_start","toolName":"bash"}
{"type":"tool_execution_start","toolName":"edit"}
{"type":"tool_execution_start","toolName":"bash"}
{"type":"tool_execution_start","toolName":"bash"}
{"type":"tool_execution_start","toolName":"bash"}
{"type":"tool_execution_start","toolName":"bash"}
{"type":"tool_execution_start","toolName":"bash"}
{"type":"tool_execution_start","toolName":"bash"}
{"type":"tool_execution_start","toolName":"bash"}
{"type":"tool_execution_start","toolName":"bash"}
{"type":"tool_execution_start","toolName":"edit"}
{"type":"tool_execution_start","toolName":"read"}
{"type":"tool_execution_start","toolName":"edit"}
{"type":"tool_execution_start","toolName":"bash"}
{"type":"tool_execution_start","toolName":"bash"}
{"type":"tool_execution_start","toolName":"bash"}
{"type":"tool_execution_start","toolName":"write"}
{"type":"tool_execution_start","toolName":"bash"}
{"type":"tool_execution_start","toolName":"bash"}
{"type":"tool_execution_start","toolName":"bash"}
{"type":"tool_execution_start","toolName":"bash"}
{"type":"tool_execution_start","toolName":"bash"}
{"type":"tool_execution_start","toolName":"bash"}
{"type":"tool_execution_start","toolName":"edit"}
{"type":"tool_execution_start","toolName":"bash"}
{"type":"tool_execution_start","toolName":"bash"}
{"type":"tool_execution_start","toolName":"bash"}
{"type":"tool_execution_start","toolName":"bash"}
{"type":"tool_execution_start","toolName":"bash"}
{"type":"tool_execution_start","toolName":"bash"}
{"type":"tool_execution_start","toolName":"bash"}
{"type":"tool_execution_start","toolName":"bash"}
{"type":"tool_execution_start","toolName":"bash"}
{"type":"tool_execution_start","toolName":"bash"}
{"type":"tool_execution_start","toolName":"bash"}
{"type":"tool_execution_start","toolName":"bash"}
{"type":"tool_execution_start","toolName":"bash"}
{"type":"tool_execution_start","toolName":"bash"}
{"type":"tool_execution_start","toolName":"bash"}
{"type":"tool_execution_start","toolName":"bash"}
{"type":"tool_execution_start","toolName":"bash"}
{"type":"tool_execution_start","toolName":"bash"}
{"type":"tool_execution_start","toolName":"bash"}
{"type":"tool_execution_start","toolName":"bash"}
{"type":"tool_execution_start","toolName":"bash"}
{"type":"tool_execution_start","toolName":"bash"}
{"type":"tool_execution_start","toolName":"bash"}
{"type":"tool_execution_start","toolName":"bash"}
{"type":"tool_execution_start","toolName":"bash"}
{"type":"tool_execution_start","toolName":"bash"}
{"type":"tool_execution_start","toolName":"bash"}
{"type":"tool_execution_start","toolName":"bash"}
{"type":"tool_execution_start","toolName":"bash"}
{"type":"tool_execution_start","toolName":"bash"}
{"type":"tool_execution_start","toolName":"bash"}
{"type":"tool_execution_start","toolName":"bash"}
{"type":"tool_execution_start","toolName":"bash"}
{"type":"tool_execution_start","toolName":"bash"}
{"type":"tool_execution_start","toolName":"bash"}
{"type":"tool_execution_start","toolName":"bash"}
{"type":"tool_execution_start","toolName":"bash"}
{"type":"tool_execution_start","toolName":"bash"}
{"type":"tool_execution_start","toolName":"bash"}
{"type":"tool_execution_start","toolName":"bash"}
{"type":"tool_execution_start","toolName":"bash"}
{"type":"tool_execution_start","toolName":"bash"}
{"type":"tool_execution_start","toolName":"bash"}
{"type":"tool_execution_start","toolName":"bash"}
{"type":"tool_execution_start","toolName":"bash"}
{"type":"tool_execution_start","toolName":"bash"}
{"type":"tool_execution_start","toolName":"bash"}
{"type":"tool_execution_start","toolName":"bash"}
{"type":"tool_execution_start","toolName":"bash"}
{"type":"tool_execution_start","toolName":"bash"}
{"type":"tool_execution_start","toolName":"bash"}
{"type":"tool_execution_start","toolName":"bash"}
{"type":"tool_execution_start","toolName":"bash"}
{"type":"tool_execution_start","toolName":"bash"}
{"type":"tool_execution_start","toolName":"bash"}
{"type":"tool_execution_start","toolName":"bash"}
{"type":"tool_execution_start","toolName":"write"}
{"type":"tool_execution_start","toolName":"bash"}
{"type":"tool_execution_start","toolName":"bash"}
{"type":"tool_execution_start","toolName":"bash"}
{"type":"tool_execution_start","toolName":"bash"}
{"type":"tool_execution_start","toolName":"bash"}
{"type":"tool_execution_start","toolName":"bash"}
{"type":"tool_execution_start","toolName":"bash"}
{"type":"tool_execution_start","toolName":"bash"}
{"type":"tool_execution_start","toolName":"edit"}
{"type":"tool_execution_start","toolName":"bash"}
{"type":"tool_execution_start","toolName":"bash"}
{"type":"tool_execution_start","toolName":"bash"}
{"type":"tool_execution_start","toolName":"bash"}
{"type":"tool_execution_start","toolName":"bash"}
{"type":"tool_execution_start","toolName":"edit"}
{"type":"tool_execution_start","toolName":"bash"}
{"type":"tool_execution_start","toolName":"bash"}
{"type":"tool_execution_start","toolName":"bash"}
{"type":"tool_execution_start","toolName":"write"}
{"type":"tool_execution_start","toolName":"write"}
{"type":"tool_execution_start","toolName":"write"}
{"type":"tool_execution_start","toolName":"write"}
{"type":"tool_execution_start","toolName":"bash"}
{"type":"tool_execution_start","toolName":"edit"}
{"type":"tool_execution_start","toolName":"bash"}
{"type":"tool_execution_start","toolName":"edit"}
{"type":"tool_execution_start","toolName":"bash"}
{"type":"tool_execution_start","toolName":"bash"}
{"type":"tool_execution_start","toolName":"write"}
{"type":"tool_execution_start","toolName":"write"}
{"type":"tool_execution_start","toolName":"write"}
{"type":"tool_execution_start","toolName":"write"}
{"type":"tool_execution_start","toolName":"bash"}
{"type":"tool_execution_start","toolName":"bash"}
{"type":"tool_execution_start","toolName":"bash"}
{"type":"tool_execution_start","toolName":"bash"}
{"type":"tool_execution_start","toolName":"bash"}
{"type":"tool_execution_start","toolName":"bash"}
{"type":"tool_execution_start","toolName":"bash"}
{"type":"tool_execution_start","toolName":"bash"}
{"type":"tool_execution_start","toolName":"bash"}
{"type":"tool_execution_start","toolName":"bash"}
{"type":"tool_execution_start","toolName":"bash"}
{"type":"tool_execution_start","toolName":"bash"}
{"type":"tool_execution_start","toolName":"bash"}
{"type":"tool_execution_start","toolName":"bash"}
{"type":"tool_execution_start","toolName":"bash"}
{"type":"tool_execution_start","toolName":"bash"}
{"type":"tool_execution_start","toolName":"bash"}
{"type":"tool_execution_start","toolName":"bash"}
{"type":"tool_execution_start","toolName":"bash"}
{"type":"tool_execution_start","toolName":"bash"}
{"type":"tool_execution_start","toolName":"bash"}
{"type":"tool_execution_start","toolName":"bash"}
{"type":"tool_execution_start","toolName":"bash"}
{"type":"tool_execution_start","toolName":"bash"}
{"type":"tool_execution_start","toolName":"bash"}
{"type":"tool_execution_start","toolName":"bash"}
{"type":"tool_execution_start","toolName":"bash"}
{"type":"tool_execution_start","toolName":"bash"}
{"type":"tool_execution_start","toolName":"bash"}
{"type":"tool_execution_start","toolName":"bash"}
{"type":"tool_execution_start","toolName":"bash"}
{"type":"tool_execution_start","toolName":"bash"}
{"type":"tool_execution_start","toolName":"bash"}
{"type":"tool_execution_start","toolName":"bash"}
{"type":"tool_execution_start","toolName":"bash"}
{"type":"tool_execution_start","toolName":"bash"}
{"type":"tool_execution_start","toolName":"awk"}
{"type":"tool_execution_start","toolName":"bash"}
{"type":"tool_execution_start","toolName":"bash"}
{"type":"tool_execution_start","toolName":"bash"}
{"type":"tool_execution_start","toolName":"bash"}
{"type":"tool_execution_start","toolName":"bash"}
{"type":"tool_execution_start","toolName":"bash"}
{"type":"tool_execution_start","toolName":"edit"}
{"type":"tool_execution_start","toolName":"edit"}
{"type":"tool_execution_start","toolName":"bash"}
{"type":"tool_execution_start","toolName":"bash"}
{"type":"tool_execution_start","toolName":"bash"}
{"type":"tool_execution_start","toolName":"bash"}
{"type":"tool_execution_start","toolName":"bash"}
{"type":"tool_execution_start","toolName":"edit"}
{"type":"tool_execution_start","toolName":"edit"}
{"type":"tool_execution_start","toolName":"bash"}
{"type":"tool_execution_start","toolName":"edit"}
{"type":"tool_execution_start","toolName":"bash"}
{"type":"tool_execution_start","toolName":"bash"}
{"type":"tool_execution_start","toolName":"bash"}
{"type":"tool_execution_start","toolName":"bash"}
{"type":"tool_execution_start","toolName":"bash"}
{"type":"tool_execution_start","toolName":"bash"}
{"type":"tool_execution_start","toolName":"bash"}
{"type":"tool_execution_start","toolName":"bash"}
{"type":"tool_execution_start","toolName":"bash"}
{"type":"tool_execution_start","toolName":"bash"}
{"type":"tool_execution_start","toolName":"write"}
{"type":"tool_execution_start","toolName":"write"}
{"type":"tool_execution_start","toolName":"bash"}
{"type":"tool_execution_start","toolName":"bash"}
{"type":"tool_execution_start","toolName":"write"}
{"type":"tool_execution_start","toolName":"bash"}
{"type":"tool_execution_start","toolName":"bash"}
{"type":"tool_execution_start","toolName":"bash"}
{"type":"tool_execution_start","toolName":"bash"}
{"type":"tool_execution_start","toolName":"write"}
{"type":"tool_execution_start","toolName":"write"}
{"type":"tool_execution_start","toolName":"bash"}
{"type":"tool_execution_start","toolName":"bash"}
{"type":"tool_execution_start","toolName":"bash"}
{"type":"tool_execution_start","toolName":"bash"}
{"type":"tool_execution_start","toolName":"bash"}
{"type":"tool_execution_start","toolName":"bash"}
{"type":"tool_execution_start","toolName":"bash"}
{"type":"tool_execution_start","toolName":"bash"}
{"type":"tool_execution_start","toolName":"bash"}
{"type":"tool_execution_start","toolName":"bash"}
{"type":"tool_execution_start","toolName":"bash"}
{"type":"tool_execution_start","toolName":"bash"}
{"type":"tool_execution_start","toolName":"bash"}
{"type":"tool_execution_start","toolName":"bash"}
{"type":"tool_execution_start","toolName":"write"}
{"type":"tool_execution_start","toolName":"bash"}
{"type":"tool_execution_start","toolName":"bash"}
{"type":"tool_execution_start","toolName":"bash"}
{"type":"tool_execution_start","toolName":"bash"}
{"type":"tool_execution_start","toolName":"bash"}
{"type":"tool_execution_start","toolName":"bash"}
{"type":"tool_execution_start","toolName":"bash"}
{"type":"tool_execution_start","toolName":"bash"}
{"type":"tool_execution_start","toolName":"bash"}
{"type":"tool_execution_start","toolName":"bash"}
{"type":"tool_execution_start","toolName":"bash"}
{"type":"tool_execution_start","toolName":"bash"}
{"type":"tool_execution_start","toolName":"bash"}
{"type":"tool_execution_start","toolName":"write"}
{"type":"tool_execution_start","toolName":"write"}
{"type":"tool_execution_start","toolName":"write"}
{"type":"tool_execution_start","toolName":"write"}
{"type":"tool_execution_start","toolName":"bash"}
{"type":"tool_execution_start","toolName":"bash"}
{"type":"tool_execution_start","toolName":"bash"}
{"type":"tool_execution_start","toolName":"write"}
{"type":"tool_execution_start","toolName":"write"}
{"type":"tool_execution_start","toolName":"bash"}
{"type":"tool_execution_start","toolName":"bash"}
{"type":"tool_execution_start","toolName":"bash"}
{"type":"tool_execution_start","toolName":"bash"}
{"type":"tool_execution_start","toolName":"write"}
{"type":"tool_execution_start","toolName":"write"}
{"type":"tool_execution_start","toolName":"bash"}
{"type":"tool_execution_start","toolName":"bash"}
{"type":"tool_execution_start","toolName":"write"}
{"type":"tool_execution_start","toolName":"write"}
{"type":"tool_execution_start","toolName":"bash"}
{"type":"tool_execution_start","toolName":"bash"}
{"type":"tool_execution_start","toolName":"bash"}
{"type":"tool_execution_start","toolName":"bash"}
{"type":"tool_execution_start","toolName":"write"}
{"type":"tool_execution_start","toolName":"write"}
{"type":"tool_execution_start","toolName":"bash"}
{"type":"tool_execution_start","toolName":"bash"}
{"type":"tool_execution_start","toolName":"bash"}
{"type":"tool_execution_start","toolName":"write"}
{"type":"tool_execution_start","toolName":"write"}
{"type":"tool_execution_start","toolName":"bash"}
{"type":"tool_execution_start","toolName":"bash"}
{"type":"tool_execution_start","toolName":"bash"}
{"type":"tool_execution_start","toolName":"bash"}
{"type":"tool_execution_start","toolName":"bash"}
{"type":"tool_execution_start","toolName":"write"}
{"type":"tool_execution_start","toolName":"write"}
{"type":"tool_execution_start","toolName":"bash"}
{"type":"tool_execution_start","toolName":"bash"}
{"type":"tool_execution_start","toolName":"bash"}
{"type":"tool_execution_start","toolName":"bash"}
{"type":"tool_execution_start","toolName":"bash"}
{"type":"tool_execution_start","toolName":"bash"}
{"type":"tool_execution_start","toolName":"bash"}
{"type":"tool_execution_start","toolName":"write"}
{"type":"tool_execution_start","toolName":"write"}
{"type":"tool_execution_start","toolName":"bash"}
{"type":"tool_execution_start","toolName":"bash"}
{"type":"tool_execution_start","toolName":"bash"}
{"type":"tool_execution_start","toolName":"bash"}
{"type":"tool_execution_start","toolName":"bash"}
{"type":"tool_execution_start","toolName":"write"}
{"type":"tool_execution_start","toolName":"write"}
{"type":"tool_execution_start","toolName":"bash"}
{"type":"tool_execution_start","toolName":"bash"}
{"type":"tool_execution_start","toolName":"bash"}
{"type":"tool_execution_start","toolName":"write"}
{"type":"tool_execution_start","toolName":"write"}
{"type":"tool_execution_start","toolName":"bash"}
{"type":"tool_execution_start","toolName":"bash"}
{"type":"tool_execution_start","toolName":"bash"}
{"type":"tool_execution_start","toolName":"bash"}
{"type":"tool_execution_start","toolName":"write"}
{"type":"tool_execution_start","toolName":"write"}
{"type":"tool_execution_start","toolName":"bash"}
{"type":"tool_execution_start","toolName":"bash"}
{"type":"tool_execution_start","toolName":"bash"}
{"type":"tool_execution_start","toolName":"write"}
{"type":"tool_execution_start","toolName":"write"}
{"type":"tool_execution_start","toolName":"bash"}
{"type":"tool_execution_start","toolName":"bash"}
{"type":"tool_execution_start","toolName":"write"}
{"type":"tool_execution_start","toolName":"write"}
{"type":"tool_execution_start","toolName":"bash"}
{"type":"tool_execution_start","toolName":"bash"}
{"type":"tool_execution_start","toolName":"write"}
{"type":"tool_execution_start","toolName":"write"}
{"type":"tool_execution_start","toolName":"bash"}
{"type":"tool_execution_start","toolName":"bash"}
{"type":"tool_execution_start","toolName":"bash"}
{"type":"tool_execution_start","toolName":"write"}
{"type":"tool_execution_start","toolName":"write"}
{"type":"tool_execution_start","toolName":"bash"}
{"type":"tool_execution_start","toolName":"bash"}
{"type":"tool_execution_start","toolName":"bash"}
{"type":"tool_execution_start","toolName":"bash"}
{"type":"tool_execution_start","toolName":"bash"}
{"type":"tool_execution_start","toolName":"write"}
{"type":"tool_execution_start","toolName":"write"}
{"type":"tool_execution_start","toolName":"bash"}
{"type":"tool_execution_start","toolName":"bash"}
{"type":"tool_execution_start","toolName":"bash"}
{"type":"tool_execution_start","toolName":"write"}
{"type":"tool_execution_start","toolName":"bash"}
{"type":"tool_execution_start","toolName":"bash"}
{"type":"tool_execution_start","toolName":"bash"}
{"type":"tool_execution_start","toolName":"bash"}
{"type":"tool_execution_start","toolName":"bash"}
{"type":"tool_execution_start","toolName":"bash"}
{"type":"tool_execution_start","toolName":"bash"}
{"type":"tool_execution_start","toolName":"write"}
{"type":"tool_execution_start","toolName":"bash"}
{"type":"tool_execution_start","toolName":"bash"}
{"type":"tool_execution_start","toolName":"bash"}
{"type":"tool_execution_start","toolName":"bash"}
{"type":"tool_execution_start","toolName":"write"}
{"type":"tool_execution_start","toolName":"bash"}
{"type":"tool_execution_start","toolName":"bash"}
{"type":"tool_execution_start","toolName":"bash"}
{"type":"tool_execution_start","toolName":"bash"}
{"type":"tool_execution_start","toolName":"bash"}
{"type":"tool_execution_start","toolName":"bash"}
{"type":"tool_execution_start","toolName":"bash"}
{"type":"tool_execution_start","toolName":"bash"}
{"type":"tool_execution_start","toolName":"bash"}
{"type":"tool_execution_start","toolName":"bash"}
{"type":"tool_execution_start","toolName":"bash"}
{"type":"tool_execution_start","toolName":"bash"}
{"type":"tool_execution_start","toolName":"bash"}
{"type":"tool_execution_start","toolName":"write"}
{"type":"tool_execution_start","toolName":"write"}
{"type":"tool_execution_start","toolName":"write"}
{"type":"tool_execution_start","toolName":"bash"}
{"type":"tool_execution_start","toolName":"bash"}
{"type":"tool_execution_start","toolName":"bash"}
{"type":"tool_execution_start","toolName":"write"}
{"type":"tool_execution_start","toolName":"write"}
{"type":"tool_execution_start","toolName":"bash"}
{"type":"tool_execution_start","toolName":"bash"}
{"type":"tool_execution_start","toolName":"bash"}
{"type":"tool_execution_start","toolName":"bash"}
{"type":"tool_execution_start","toolName":"bash"}
{"type":"tool_execution_start","toolName":"bash"}
{"type":"tool_execution_start","toolName":"bash"}
{"type":"tool_execution_start","toolName":"bash"}
{"type":"tool_execution_start","toolName":"bash"}
{"type":"tool_execution_start","toolName":"bash"}
{"type":"tool_execution_start","toolName":"bash"}
{"type":"tool_execution_start","toolName":"write"}
{"type":"tool_execution_start","toolName":"write"}
{"type":"tool_execution_start","toolName":"bash"}
{"type":"tool_execution_start","toolName":"bash"}
{"type":"tool_execution_start","toolName":"bash"}
{"type":"tool_execution_start","toolName":"bash"}
{"type":"tool_execution_start","toolName":"write"}
{"type":"tool_execution_start","toolName":"bash"}
{"type":"tool_execution_start","toolName":"bash"}
{"type":"tool_execution_start","toolName":"bash"}
{"type":"tool_execution_start","toolName":"write"}
{"type":"tool_execution_start","toolName":"bash"}
{"type":"tool_execution_start","toolName":"bash"}
{"type":"tool_execution_start","toolName":"write"}
{"type":"tool_execution_start","toolName":"write"}
{"type":"tool_execution_start","toolName":"bash"}
{"type":"tool_execution_start","toolName":"bash"}
{"type":"tool_execution_start","toolName":"bash"}
{"type":"tool_execution_start","toolName":"bash"}
{"type":"tool_execution_start","toolName":"write"}
{"type":"tool_execution_start","toolName":"write"}
{"type":"tool_execution_start","toolName":"bash"}
{"type":"tool_execution_start","toolName":"bash"}
{"type":"tool_execution_start","toolName":"write"}
{"type":"tool_execution_start","toolName":"write"}
{"type":"tool_execution_start","toolName":"bash"}
{"type":"tool_execution_start","toolName":"bash"}
{"type":"tool_execution_start","toolName":"write"}
{"type":"tool_execution_start","toolName":"bash"}
{"type":"tool_execution_start","toolName":"write"}
{"type":"tool_execution_start","toolName":"write"}
{"type":"tool_execution_start","toolName":"bash"}
{"type":"tool_execution_start","toolName":"bash"}
{"type":"tool_execution_start","toolName":"bash"}
{"type":"tool_execution_start","toolName":"bash"}
{"type":"tool_execution_start","toolName":"write"}
{"type":"tool_execution_start","toolName":"write"}
{"type":"tool_execution_start","toolName":"bash"}
{"type":"tool_execution_start","toolName":"bash"}
{"type":"tool_execution_start","toolName":"write"}
{"type":"tool_execution_start","toolName":"write"}
{"type":"tool_execution_start","toolName":"bash"}
{"type":"tool_execution_start","toolName":"bash"}
{"type":"tool_execution_start","toolName":"bash"}
{"type":"tool_execution_start","toolName":"bash"}
{"type":"tool_execution_start","toolName":"bash"}
{"type":"tool_execution_start","toolName":"bash"}
{"type":"tool_execution_start","toolName":"write"}
{"type":"tool_execution_start","toolName":"write"}
{"type":"tool_execution_start","toolName":"bash"}
{"type":"tool_execution_start","toolName":"bash"}
{"type":"tool_execution_start","toolName":"bash"}
{"type":"tool_execution_start","toolName":"bash"}
{"type":"tool_execution_start","toolName":"write"}
{"type":"tool_execution_start","toolName":"write"}
{"type":"tool_execution_start","toolName":"bash"}
{"type":"tool_execution_start","toolName":"bash"}
{"type":"tool_execution_start","toolName":"write"}
{"type":"tool_execution_start","toolName":"write"}
{"type":"tool_execution_start","toolName":"bash"}
{"type":"tool_execution_start","toolName":"bash"}
{"type":"tool_execution_start","toolName":"write"}
{"type":"tool_execution_start","toolName":"write"}
{"type":"tool_execution_start","toolName":"bash"}
{"type":"tool_execution_start","toolName":"bash"}
{"type":"tool_execution_start","toolName":"bash"}
{"type":"tool_execution_start","toolName":"bash"}
{"type":"tool_execution_start","toolName":"write"}
{"type":"tool_execution_start","toolName":"write"}
{"type":"tool_execution_start","toolName":"bash"}
{"type":"tool_execution_start","toolName":"bash"}
{"type":"tool_execution_start","toolName":"bash"}
{"type":"tool_execution_start","toolName":"bash"}
{"type":"tool_execution_start","toolName":"bash"}
{"type":"tool_execution_start","toolName":"bash"}
{"type":"tool_execution_start","toolName":"bash"}
{"type":"tool_execution_start","toolName":"bash"}
{"type":"tool_execution_start","toolName":"bash"}
{"type":"tool_execution_start","toolName":"bash"}
{"type":"tool_execution_start","toolName":"write"}
{"type":"tool_execution_start","toolName":"write"}
{"type":"tool_execution_start","toolName":"bash"}
{"type":"tool_execution_start","toolName":"bash"}
{"type":"tool_execution_start","toolName":"write"}
{"type":"tool_execution_start","toolName":"write"}
{"type":"tool_execution_start","toolName":"bash"}
{"type":"tool_execution_start","toolName":"bash"}
{"type":"tool_execution_start","toolName":"bash"}
{"type":"tool_execution_start","toolName":"bash"}
{"type":"tool_execution_start","toolName":"bash"}
{"type":"tool_execution_start","toolName":"bash"}
{"type":"tool_execution_start","toolName":"write"}
{"type":"tool_execution_start","toolName":"write"}
{"type":"tool_execution_start","toolName":"bash"}
{"type":"tool_execution_start","toolName":"bash"}
{"type":"tool_execution_start","toolName":"bash"}
{"type":"tool_execution_start","toolName":"bash"}
{"type":"tool_execution_start","toolName":"bash"}
{"type":"tool_execution_start","toolName":"bash"}
{"type":"tool_execution_start","toolName":"bash"}
{"type":"tool_execution_start","toolName":"write"}
{"type":"tool_execution_start","toolName":"write"}
{"type":"tool_execution_start","toolName":"bash"}
{"type":"tool_execution_start","toolName":"bash"}
{"type":"tool_execution_start","toolName":"bash"}
{"type":"tool_execution_start","toolName":"bash"}
{"type":"tool_execution_start","toolName":"write"}
{"type":"tool_execution_start","toolName":"write"}
{"type":"tool_execution_start","toolName":"bash"}
{"type":"tool_execution_start","toolName":"bash"}
{"type":"tool_execution_start","toolName":"write"}
{"type":"tool_execution_start","toolName":"write"}
{"type":"tool_execution_start","toolName":"bash"}
{"type":"tool_execution_start","toolName":"bash"}
{"type":"tool_execution_start","toolName":"write"}
{"type":"tool_execution_start","toolName":"write"}
{"type":"tool_execution_start","toolName":"bash"}
{"type":"tool_execution_start","toolName":"bash"}
{"type":"tool_execution_start","toolName":"bash"}
{"type":"tool_execution_start","toolName":"bash"}
{"type":"tool_execution_start","toolName":"bash"}
{"type":"tool_execution_start","toolName":"write"}
{"type":"tool_execution_start","toolName":"write"}
{"type":"tool_execution_start","toolName":"bash"}
{"type":"tool_execution_start","toolName":"bash"}
{"type":"tool_execution_start","toolName":"bash"}
{"type":"tool_execution_start","toolName":"bash"}
{"type":"tool_execution_start","toolName":"write"}
{"type":"tool_execution_start","toolName":"write"}
{"type":"tool_execution_start","toolName":"bash"}
{"type":"tool_execution_start","toolName":"bash"}
{"type":"tool_execution_start","toolName":"write"}
{"type":"tool_execution_start","toolName":"write"}
{"type":"tool_execution_start","toolName":"bash"}
{"type":"tool_execution_start","toolName":"bash"}
{"type":"tool_execution_start","toolName":"bash"}
{"type":"tool_execution_start","toolName":"bash"}
{"type":"tool_execution_start","toolName":"write"}
{"type":"tool_execution_start","toolName":"write"}
{"type":"tool_execution_start","toolName":"bash"}
{"type":"tool_execution_start","toolName":"bash"}
{"type":"tool_execution_start","toolName":"bash"}
{"type":"tool_execution_start","toolName":"bash"}
{"type":"tool_execution_start","toolName":"write"}
{"type":"tool_execution_start","toolName":"write"}
{"type":"tool_execution_start","toolName":"bash"}
{"type":"tool_execution_start","toolName":"bash"}
{"type":"tool_execution_start","toolName":"bash"}
{"type":"tool_execution_start","toolName":"bash"}
{"type":"tool_execution_start","toolName":"write"}
{"type":"tool_execution_start","toolName":"bash"}
{"type":"tool_execution_start","toolName":"write"}
{"type":"tool_execution_start","toolName":"bash"}
{"type":"tool_execution_start","toolName":"bash"}
{"type":"tool_execution_start","toolName":"bash"}
{"type":"tool_execution_start","toolName":"bash"}
{"type":"tool_execution_start","toolName":"bash"}
{"type":"tool_execution_start","toolName":"bash"}
{"type":"tool_execution_start","toolName":"bash"}
{"type":"tool_execution_start","toolName":"bash"}
{"type":"tool_execution_start","toolName":"bash"}
[harness_run 2026-10-01 05:21:02] invocation 1 ended rc=0 after 5479s; proxy requests=27 last_prompt=206,180 max_prompt=206,180 session=65e1df34-6bd4-4fbc-8f8c-c424338e6bd7
[harness_run 2026-10-01 05:21:02] invocation 2: /usr/bin/sandbox-exec -f ~/bench/agentic/runs/20261001-034857-glm-omlx070-pi.sb /opt/homebrew/bin/pi --mode json --print --provider bench --model glm53-flash-mtp --session-id 65e1df34-6bd4-4fbc-8f8c-c424338e6bd7 -- Continue with the next milestone.
{"type":"tool_execution_start","toolName":"write"}
{"type":"tool_execution_start","toolName":"edit"}
{"type":"tool_execution_start","toolName":"bash"}
{"type":"tool_execution_start","toolName":"write"}
{"type":"tool_execution_start","toolName":"bash"}
{"type":"tool_execution_start","toolName":"write"}
{"type":"tool_execution_start","toolName":"write"}
{"type":"tool_execution_start","toolName":"write"}
{"type":"tool_execution_start","toolName":"write"}
{"type":"tool_execution_start","toolName":"write"}
{"type":"tool_execution_start","toolName":"write"}
{"type":"tool_execution_start","toolName":"bash"}
{"type":"tool_execution_start","toolName":"bash"}
{"type":"tool_execution_start","toolName":"write"}
{"type":"tool_execution_start","toolName":"write"}
{"type":"tool_execution_start","toolName":"bash"}
{"type":"tool_execution_start","toolName":"bash"}
{"type":"tool_execution_start","toolName":"bash"}
{"type":"tool_execution_start","toolName":"bash"}
{"type":"tool_execution_start","toolName":"bash"}
{"type":"tool_execution_start","toolName":"bash"}
{"type":"tool_execution_start","toolName":"bash"}
{"type":"tool_execution_start","toolName":"bash"}
{"type":"tool_execution_start","toolName":"bash"}
{"type":"tool_execution_start","toolName":"bash"}
{"type":"tool_execution_start","toolName":"bash"}
{"type":"tool_execution_start","toolName":"bash"}
{"type":"tool_execution_start","toolName":"bash"}
{"type":"tool_execution_start","toolName":"bash"}
{"type":"tool_execution_start","toolName":"bash"}
[harness_run 2026-10-01 05:30:37] invocation 2 ended rc=0 after 575s; proxy requests=28 last_prompt=322,341 max_prompt=322,341 session=65e1df34-6bd4-4fbc-8f8c-c424338e6bd7
[harness_run 2026-10-01 05:30:37] invocation 3: /usr/bin/sandbox-exec -f ~/bench/agentic/runs/20261001-034857-glm-omlx070-pi.sb /opt/homebrew/bin/pi --mode json --print --provider bench --model glm53-flash-mtp --session-id 65e1df34-6bd4-4fbc-8f8c-c424338e6bd7 -- Continue with the next milestone.
{"type":"tool_execution_start","toolName":"bash"}
{"type":"tool_execution_start","toolName":"bash"}
{"type":"tool_execution_start","toolName":"bash"}
{"type":"tool_execution_start","toolName":"bash"}
{"type":"tool_execution_start","toolName":"write"}
{"type":"tool_execution_start","toolName":"write"}
{"type":"tool_execution_start","toolName":"write"}
{"type":"tool_execution_start","toolName":"bash"}
{"type":"tool_execution_start","toolName":"bash"}
{"type":"tool_execution_start","toolName":"edit"}
{"type":"tool_execution_start","toolName":"write"}
{"type":"tool_execution_start","toolName":"bash"}
{"type":"tool_execution_start","toolName":"edit"}
{"type":"tool_execution_start","toolName":"bash"}
{"type":"tool_execution_start","toolName":"write"}
{"type":"tool_execution_start","toolName":"write"}
{"type":"tool_execution_start","toolName":"write"}
{"type":"tool_execution_start","toolName":"write"}
{"type":"tool_execution_start","toolName":"bash"}
{"type":"tool_execution_start","toolName":"bash"}
{"type":"tool_execution_start","toolName":"bash"}
{"type":"tool_execution_start","toolName":"bash"}
{"type":"tool_execution_start","toolName":"bash"}
{"type":"tool_execution_start","toolName":"bash"}
{"type":"tool_execution_start","toolName":"bash"}
{"type":"tool_execution_start","toolName":"bash"}
{"type":"tool_execution_start","toolName":"bash"}
{"type":"tool_execution_start","toolName":"bash"}
{"type":"tool_execution_start","toolName":"bash"}
{"type":"tool_execution_start","toolName":"bash"}
{"type":"tool_execution_start","toolName":"bash"}
[harness_run 2026-10-01 05:42:09] invocation 3 ended rc=0 after 693s; proxy requests=29 last_prompt=351,776 max_prompt=351,776 session=65e1df34-6bd4-4fbc-8f8c-c424338e6bd7
[harness_run 2026-10-01 05:42:09] invocation 4: /usr/bin/sandbox-exec -f ~/bench/agentic/runs/20261001-034857-glm-omlx070-pi.sb /opt/homebrew/bin/pi --mode json --print --provider bench --model glm53-flash-mtp --session-id 65e1df34-6bd4-4fbc-8f8c-c424338e6bd7 -- Continue with the next milestone.
{"type":"tool_execution_start","toolName":"write"}
{"type":"tool_execution_start","toolName":"write"}
{"type":"tool_execution_start","toolName":"write"}
{"type":"tool_execution_start","toolName":"bash"}
{"type":"tool_execution_start","toolName":"bash"}
{"type":"tool_execution_start","toolName":"bash"}
{"type":"tool_execution_start","toolName":"bash"}
{"type":"tool_execution_start","toolName":"bash"}
{"type":"tool_execution_start","toolName":"bash"}
{"type":"tool_execution_start","toolName":"bash"}
{"type":"tool_execution_start","toolName":"bash"}
{"type":"tool_execution_start","toolName":"write"}
{"type":"tool_execution_start","toolName":"write"}
[harness_run 2026-10-01 05:49:43] invocation 4 ended rc=143 after 454s; proxy requests=30 last_prompt=387,957 max_prompt=387,957 session=65e1df34-6bd4-4fbc-8f8c-c424338e6bd7
[harness_run 2026-10-01 05:49:43] stopping: max hours (2.0) elapsed
